08:26:37 **** Build of project freertos_mb_1 ****
make -k all 
"Running Make include in mb1/libsrc/bram_v4_1/src"
make -C mb1/libsrc/bram_v4_1/src -s include  "SHELL=CMD" "COMPILER=mb-gcc" "ARCHIVER=mb-ar" "COMPILER_FLAGS= -O2 -c -mcpu=v10.0 -mlittle-endian -mno-xl-soft-div -mno-xl-soft-mul -mxl-barrel-shift -mxl-multiply-high -mxl-pattern-compare" "EXTRA_COMPILER_FLAGS=-g"
"Running Make include in mb1/libsrc/cpu_v2_5/src"
make -C mb1/libsrc/cpu_v2_5/src -s include  "SHELL=CMD" "COMPILER=mb-gcc" "ARCHIVER=mb-ar" "COMPILER_FLAGS= -O2 -c -mcpu=v10.0 -mlittle-endian -mno-xl-soft-div -mno-xl-soft-mul -mxl-barrel-shift -mxl-multiply-high -mxl-pattern-compare" "EXTRA_COMPILER_FLAGS=-g"
"Running Make include in mb1/libsrc/freertos823_xilinx_v1_3/src"
make -C mb1/libsrc/freertos823_xilinx_v1_3/src -s include  "SHELL=CMD" "COMPILER=mb-gcc" "ARCHIVER=mb-ar" "COMPILER_FLAGS= -O2 -c -mcpu=v10.0 -mlittle-endian -mno-xl-soft-div -mno-xl-soft-mul -mxl-barrel-shift -mxl-multiply-high -mxl-pattern-compare" "EXTRA_COMPILER_FLAGS=-g"
"include"
"Running Make include in mb1/libsrc/gpio_v4_3/src"
make -C mb1/libsrc/gpio_v4_3/src -s include  "SHELL=CMD" "COMPILER=mb-gcc" "ARCHIVER=mb-ar" "COMPILER_FLAGS= -O2 -c -mcpu=v10.0 -mlittle-endian -mno-xl-soft-div -mno-xl-soft-mul -mxl-barrel-shift -mxl-multiply-high -mxl-pattern-compare" "EXTRA_COMPILER_FLAGS=-g"
"Running Make include in mb1/libsrc/intc_v3_5/src"
make -C mb1/libsrc/intc_v3_5/src -s include  "SHELL=CMD" "COMPILER=mb-gcc" "ARCHIVER=mb-ar" "COMPILER_FLAGS= -O2 -c -mcpu=v10.0 -mlittle-endian -mno-xl-soft-div -mno-xl-soft-mul -mxl-barrel-shift -mxl-multiply-high -mxl-pattern-compare" "EXTRA_COMPILER_FLAGS=-g"
"Running Make include in mb1/libsrc/mbox_v4_1/src"
make -C mb1/libsrc/mbox_v4_1/src -s include  "SHELL=CMD" "COMPILER=mb-gcc" "ARCHIVER=mb-ar" "COMPILER_FLAGS= -O2 -c -mcpu=v10.0 -mlittle-endian -mno-xl-soft-div -mno-xl-soft-mul -mxl-barrel-shift -mxl-multiply-high -mxl-pattern-compare" "EXTRA_COMPILER_FLAGS=-g"
"Running Make include in mb1/libsrc/mutex_v4_2/src"
make -C mb1/libsrc/mutex_v4_2/src -s include  "SHELL=CMD" "COMPILER=mb-gcc" "ARCHIVER=mb-ar" "COMPILER_FLAGS= -O2 -c -mcpu=v10.0 -mlittle-endian -mno-xl-soft-div -mno-xl-soft-mul -mxl-barrel-shift -mxl-multiply-high -mxl-pattern-compare" "EXTRA_COMPILER_FLAGS=-g"
"Running Make include in mb1/libsrc/tmrctr_v4_2/src"
make -C mb1/libsrc/tmrctr_v4_2/src -s include  "SHELL=CMD" "COMPILER=mb-gcc" "ARCHIVER=mb-ar" "COMPILER_FLAGS= -O2 -c -mcpu=v10.0 -mlittle-endian -mno-xl-soft-div -mno-xl-soft-mul -mxl-barrel-shift -mxl-multiply-high -mxl-pattern-compare" "EXTRA_COMPILER_FLAGS=-g"
"Running Make include in mb1/libsrc/uartlite_v3_2/src"
make -C mb1/libsrc/uartlite_v3_2/src -s include  "SHELL=CMD" "COMPILER=mb-gcc" "ARCHIVER=mb-ar" "COMPILER_FLAGS= -O2 -c -mcpu=v10.0 -mlittle-endian -mno-xl-soft-div -mno-xl-soft-mul -mxl-barrel-shift -mxl-multiply-high -mxl-pattern-compare" "EXTRA_COMPILER_FLAGS=-g"
"Running Make libs in mb1/libsrc/bram_v4_1/src"
make -C mb1/libsrc/bram_v4_1/src -s libs  "SHELL=CMD" "COMPILER=mb-gcc" "ARCHIVER=mb-ar" "COMPILER_FLAGS= -O2 -c -mcpu=v10.0 -mlittle-endian -mno-xl-soft-div -mno-xl-soft-mul -mxl-barrel-shift -mxl-multiply-high -mxl-pattern-compare" "EXTRA_COMPILER_FLAGS=-g"
"Compiling bram"
"Running Make libs in mb1/libsrc/cpu_v2_5/src"
make -C mb1/libsrc/cpu_v2_5/src -s libs  "SHELL=CMD" "COMPILER=mb-gcc" "ARCHIVER=mb-ar" "COMPILER_FLAGS= -O2 -c -mcpu=v10.0 -mlittle-endian -mno-xl-soft-div -mno-xl-soft-mul -mxl-barrel-shift -mxl-multiply-high -mxl-pattern-compare" "EXTRA_COMPILER_FLAGS=-g"
"Compiling cpu"
"Running Make libs in mb1/libsrc/freertos823_xilinx_v1_3/src"
make -C mb1/libsrc/freertos823_xilinx_v1_3/src -s libs  "SHELL=CMD" "COMPILER=mb-gcc" "ARCHIVER=mb-ar" "COMPILER_FLAGS= -O2 -c -mcpu=v10.0 -mlittle-endian -mno-xl-soft-div -mno-xl-soft-mul -mxl-barrel-shift -mxl-multiply-high -mxl-pattern-compare" "EXTRA_COMPILER_FLAGS=-g"
"Compiling standalone";
"Compiling FreeRTOS"
"Running Make libs in mb1/libsrc/gpio_v4_3/src"
make -C mb1/libsrc/gpio_v4_3/src -s libs  "SHELL=CMD" "COMPILER=mb-gcc" "ARCHIVER=mb-ar" "COMPILER_FLAGS= -O2 -c -mcpu=v10.0 -mlittle-endian -mno-xl-soft-div -mno-xl-soft-mul -mxl-barrel-shift -mxl-multiply-high -mxl-pattern-compare" "EXTRA_COMPILER_FLAGS=-g"
"Compiling gpio"
"Running Make libs in mb1/libsrc/intc_v3_5/src"
make -C mb1/libsrc/intc_v3_5/src -s libs  "SHELL=CMD" "COMPILER=mb-gcc" "ARCHIVER=mb-ar" "COMPILER_FLAGS= -O2 -c -mcpu=v10.0 -mlittle-endian -mno-xl-soft-div -mno-xl-soft-mul -mxl-barrel-shift -mxl-multiply-high -mxl-pattern-compare" "EXTRA_COMPILER_FLAGS=-g"
"Compiling intc"
"Running Make libs in mb1/libsrc/mbox_v4_1/src"
make -C mb1/libsrc/mbox_v4_1/src -s libs  "SHELL=CMD" "COMPILER=mb-gcc" "ARCHIVER=mb-ar" "COMPILER_FLAGS= -O2 -c -mcpu=v10.0 -mlittle-endian -mno-xl-soft-div -mno-xl-soft-mul -mxl-barrel-shift -mxl-multiply-high -mxl-pattern-compare" "EXTRA_COMPILER_FLAGS=-g"
"Compiling mbox"
"Running Make libs in mb1/libsrc/mutex_v4_2/src"
make -C mb1/libsrc/mutex_v4_2/src -s libs  "SHELL=CMD" "COMPILER=mb-gcc" "ARCHIVER=mb-ar" "COMPILER_FLAGS= -O2 -c -mcpu=v10.0 -mlittle-endian -mno-xl-soft-div -mno-xl-soft-mul -mxl-barrel-shift -mxl-multiply-high -mxl-pattern-compare" "EXTRA_COMPILER_FLAGS=-g"
"Compiling mutex"
"Running Make libs in mb1/libsrc/tmrctr_v4_2/src"
make -C mb1/libsrc/tmrctr_v4_2/src -s libs  "SHELL=CMD" "COMPILER=mb-gcc" "ARCHIVER=mb-ar" "COMPILER_FLAGS= -O2 -c -mcpu=v10.0 -mlittle-endian -mno-xl-soft-div -mno-xl-soft-mul -mxl-barrel-shift -mxl-multiply-high -mxl-pattern-compare" "EXTRA_COMPILER_FLAGS=-g"
"Compiling tmrctr"
"Running Make libs in mb1/libsrc/uartlite_v3_2/src"
make -C mb1/libsrc/uartlite_v3_2/src -s libs  "SHELL=CMD" "COMPILER=mb-gcc" "ARCHIVER=mb-ar" "COMPILER_FLAGS= -O2 -c -mcpu=v10.0 -mlittle-endian -mno-xl-soft-div -mno-xl-soft-mul -mxl-barrel-shift -mxl-multiply-high -mxl-pattern-compare" "EXTRA_COMPILER_FLAGS=-g"
"Compiling uartlite"
'Finished building libraries'
08:26:58 **** Clean-only build of configuration Debug for project MB1_RTOS ****
make clean 
rm -rf  ./src/elt3017_draw.o ./src/main_dino.o ./src/main_intr.o  ./src/elt3017_draw.d ./src/main_dino.d ./src/main_intr.d  MB1_RTOS.elf.size  MB1_RTOS.elf
' '
08:26:59 **** Build of configuration Debug for project MB1_RTOS ****
make all 
'Building file: ../src/elt3017_draw.c'
'Invoking: MicroBlaze gcc compiler'
mb-gcc -Wall -O0 -g3 -c -fmessage-length=0 -MT"src/elt3017_draw.o" -I../../freertos_mb_1/mb1/include -mlittle-endian -mxl-barrel-shift -mxl-pattern-compare -mno-xl-soft-div -mcpu=v10.0 -mno-xl-soft-mul -mxl-multiply-high -Wl,--no-relax -MMD -MP -MF"src/elt3017_draw.d" -MT"src/elt3017_draw.o" -o "src/elt3017_draw.o" "../src/elt3017_draw.c"
In file included from ../src/elt3017_draw.h:11:0,
                 from ../src/elt3017_draw.c:10:
../src/mb1.h:7:10: note: #pragma message: Running A Dinosaur Game
  #pragma message "Running A Dinosaur Game"
          ^
../src/elt3017_draw.c: In function 'MoveDinoUpDown':
../src/elt3017_draw.c:152:2: warning: "/*" within comment [-Wcomment]
  /*
  ^
'Finished building: ../src/elt3017_draw.c'
' '
'Building file: ../src/main_dino.c'
'Invoking: MicroBlaze gcc compiler'
mb-gcc -Wall -O0 -g3 -c -fmessage-length=0 -MT"src/main_dino.o" -I../../freertos_mb_1/mb1/include -mlittle-endian -mxl-barrel-shift -mxl-pattern-compare -mno-xl-soft-div -mcpu=v10.0 -mno-xl-soft-mul -mxl-multiply-high -Wl,--no-relax -MMD -MP -MF"src/main_dino.d" -MT"src/main_dino.o" -o "src/main_dino.o" "../src/main_dino.c"
In file included from ../src/main_dino.c:1:0:
../src/mb1.h:7:10: note: #pragma message: Running A Dinosaur Game
  #pragma message "Running A Dinosaur Game"
          ^
'Finished building: ../src/main_dino.c'
' '
'Building file: ../src/main_intr.c'
'Invoking: MicroBlaze gcc compiler'
mb-gcc -Wall -O0 -g3 -c -fmessage-length=0 -MT"src/main_intr.o" -I../../freertos_mb_1/mb1/include -mlittle-endian -mxl-barrel-shift -mxl-pattern-compare -mno-xl-soft-div -mcpu=v10.0 -mno-xl-soft-mul -mxl-multiply-high -Wl,--no-relax -MMD -MP -MF"src/main_intr.d" -MT"src/main_intr.o" -o "src/main_intr.o" "../src/main_intr.c"
In file included from ../src/main_intr.c:1:0:
../src/mb1.h:7:10: note: #pragma message: Running A Dinosaur Game
  #pragma message "Running A Dinosaur Game"
          ^
'Finished building: ../src/main_intr.c'
' '
'Building target: MB1_RTOS.elf'
'Invoking: MicroBlaze gcc linker'
mb-gcc -Wl,-T -Wl,../src/lscript.ld -L../../freertos_mb_1/mb1/lib -mlittle-endian -mxl-barrel-shift -mxl-pattern-compare -mno-xl-soft-div -mcpu=v10.0 -mno-xl-soft-mul -mxl-multiply-high -Wl,--no-relax -o "MB1_RTOS.elf"  ./src/elt3017_draw.o ./src/main_dino.o ./src/main_intr.o   -Wl,--start-group,-lxil,-lfreertos,-lgcc,-lc,--end-group
'Finished building target: MB1_RTOS.elf'
' '
'Invoking: MicroBlaze Print Size'
mb-size MB1_RTOS.elf  |tee "MB1_RTOS.elf.size"
   text	   data	    bss	    dec	    hex	filename
  96016	   1768	  69672	 167456	  28e20	MB1_RTOS.elf
'Finished building: MB1_RTOS.elf.size'
' '
08:27:05 **** Build of project standalone_mb_0 ****
make -k all 
"Running Make include in mb0/libsrc/axidma_v9_3/src"
make -C mb0/libsrc/axidma_v9_3/src -s include  "SHELL=CMD" "COMPILER=mb-gcc" "ARCHIVER=mb-ar" "COMPILER_FLAGS= -O2 -c -mcpu=v10.0 -mlittle-endian -mno-xl-soft-div -mno-xl-soft-mul -mxl-barrel-shift -mxl-multiply-high -mxl-pattern-compare" "EXTRA_COMPILER_FLAGS=-g"
"Running Make include in mb0/libsrc/axiethernet_v5_3/src"
make -C mb0/libsrc/axiethernet_v5_3/src -s include  "SHELL=CMD" "COMPILER=mb-gcc" "ARCHIVER=mb-ar" "COMPILER_FLAGS= -O2 -c -mcpu=v10.0 -mlittle-endian -mno-xl-soft-div -mno-xl-soft-mul -mxl-barrel-shift -mxl-multiply-high -mxl-pattern-compare" "EXTRA_COMPILER_FLAGS=-g"
"Running Make include in mb0/libsrc/axivdma_v6_2/src"
make -C mb0/libsrc/axivdma_v6_2/src -s include  "SHELL=CMD" "COMPILER=mb-gcc" "ARCHIVER=mb-ar" "COMPILER_FLAGS= -O2 -c -mcpu=v10.0 -mlittle-endian -mno-xl-soft-div -mno-xl-soft-mul -mxl-barrel-shift -mxl-multiply-high -mxl-pattern-compare" "EXTRA_COMPILER_FLAGS=-g"
"Running Make include in mb0/libsrc/bram_v4_1/src"
make -C mb0/libsrc/bram_v4_1/src -s include  "SHELL=CMD" "COMPILER=mb-gcc" "ARCHIVER=mb-ar" "COMPILER_FLAGS= -O2 -c -mcpu=v10.0 -mlittle-endian -mno-xl-soft-div -mno-xl-soft-mul -mxl-barrel-shift -mxl-multiply-high -mxl-pattern-compare" "EXTRA_COMPILER_FLAGS=-g"
"Running Make include in mb0/libsrc/cpu_v2_5/src"
make -C mb0/libsrc/cpu_v2_5/src -s include  "SHELL=CMD" "COMPILER=mb-gcc" "ARCHIVER=mb-ar" "COMPILER_FLAGS= -O2 -c -mcpu=v10.0 -mlittle-endian -mno-xl-soft-div -mno-xl-soft-mul -mxl-barrel-shift -mxl-multiply-high -mxl-pattern-compare" "EXTRA_COMPILER_FLAGS=-g"
"Running Make include in mb0/libsrc/gpio_v4_3/src"
make -C mb0/libsrc/gpio_v4_3/src -s include  "SHELL=CMD" "COMPILER=mb-gcc" "ARCHIVER=mb-ar" "COMPILER_FLAGS= -O2 -c -mcpu=v10.0 -mlittle-endian -mno-xl-soft-div -mno-xl-soft-mul -mxl-barrel-shift -mxl-multiply-high -mxl-pattern-compare" "EXTRA_COMPILER_FLAGS=-g"
"Running Make include in mb0/libsrc/iic_v3_4/src"
make -C mb0/libsrc/iic_v3_4/src -s include  "SHELL=CMD" "COMPILER=mb-gcc" "ARCHIVER=mb-ar" "COMPILER_FLAGS= -O2 -c -mcpu=v10.0 -mlittle-endian -mno-xl-soft-div -mno-xl-soft-mul -mxl-barrel-shift -mxl-multiply-high -mxl-pattern-compare" "EXTRA_COMPILER_FLAGS=-g"
"Running Make include in mb0/libsrc/intc_v3_5/src"
make -C mb0/libsrc/intc_v3_5/src -s include  "SHELL=CMD" "COMPILER=mb-gcc" "ARCHIVER=mb-ar" "COMPILER_FLAGS= -O2 -c -mcpu=v10.0 -mlittle-endian -mno-xl-soft-div -mno-xl-soft-mul -mxl-barrel-shift -mxl-multiply-high -mxl-pattern-compare" "EXTRA_COMPILER_FLAGS=-g"
"Running Make include in mb0/libsrc/mbox_v4_1/src"
make -C mb0/libsrc/mbox_v4_1/src -s include  "SHELL=CMD" "COMPILER=mb-gcc" "ARCHIVER=mb-ar" "COMPILER_FLAGS= -O2 -c -mcpu=v10.0 -mlittle-endian -mno-xl-soft-div -mno-xl-soft-mul -mxl-barrel-shift -mxl-multiply-high -mxl-pattern-compare" "EXTRA_COMPILER_FLAGS=-g"
"Running Make include in mb0/libsrc/mutex_v4_2/src"
make -C mb0/libsrc/mutex_v4_2/src -s include  "SHELL=CMD" "COMPILER=mb-gcc" "ARCHIVER=mb-ar" "COMPILER_FLAGS= -O2 -c -mcpu=v10.0 -mlittle-endian -mno-xl-soft-div -mno-xl-soft-mul -mxl-barrel-shift -mxl-multiply-high -mxl-pattern-compare" "EXTRA_COMPILER_FLAGS=-g"
"Running Make include in mb0/libsrc/spi_v4_2/src"
make -C mb0/libsrc/spi_v4_2/src -s include  "SHELL=CMD" "COMPILER=mb-gcc" "ARCHIVER=mb-ar" "COMPILER_FLAGS= -O2 -c -mcpu=v10.0 -mlittle-endian -mno-xl-soft-div -mno-xl-soft-mul -mxl-barrel-shift -mxl-multiply-high -mxl-pattern-compare" "EXTRA_COMPILER_FLAGS=-g"
"Running Make include in mb0/libsrc/standalone_v6_1/src"
make -C mb0/libsrc/standalone_v6_1/src -s include  "SHELL=CMD" "COMPILER=mb-gcc" "ARCHIVER=mb-ar" "COMPILER_FLAGS= -O2 -c -mcpu=v10.0 -mlittle-endian -mno-xl-soft-div -mno-xl-soft-mul -mxl-barrel-shift -mxl-multiply-high -mxl-pattern-compare" "EXTRA_COMPILER_FLAGS=-g"
"Running Make include in mb0/libsrc/tmrctr_v4_2/src"
make -C mb0/libsrc/tmrctr_v4_2/src -s include  "SHELL=CMD" "COMPILER=mb-gcc" "ARCHIVER=mb-ar" "COMPILER_FLAGS= -O2 -c -mcpu=v10.0 -mlittle-endian -mno-xl-soft-div -mno-xl-soft-mul -mxl-barrel-shift -mxl-multiply-high -mxl-pattern-compare" "EXTRA_COMPILER_FLAGS=-g"
"Running Make include in mb0/libsrc/uartlite_v3_2/src"
make -C mb0/libsrc/uartlite_v3_2/src -s include  "SHELL=CMD" "COMPILER=mb-gcc" "ARCHIVER=mb-ar" "COMPILER_FLAGS= -O2 -c -mcpu=v10.0 -mlittle-endian -mno-xl-soft-div -mno-xl-soft-mul -mxl-barrel-shift -mxl-multiply-high -mxl-pattern-compare" "EXTRA_COMPILER_FLAGS=-g"
"Running Make libs in mb0/libsrc/axidma_v9_3/src"
make -C mb0/libsrc/axidma_v9_3/src -s libs  "SHELL=CMD" "COMPILER=mb-gcc" "ARCHIVER=mb-ar" "COMPILER_FLAGS= -O2 -c -mcpu=v10.0 -mlittle-endian -mno-xl-soft-div -mno-xl-soft-mul -mxl-barrel-shift -mxl-multiply-high -mxl-pattern-compare" "EXTRA_COMPILER_FLAGS=-g"
"Compiling axidma"
"Running Make libs in mb0/libsrc/axiethernet_v5_3/src"
make -C mb0/libsrc/axiethernet_v5_3/src -s libs  "SHELL=CMD" "COMPILER=mb-gcc" "ARCHIVER=mb-ar" "COMPILER_FLAGS= -O2 -c -mcpu=v10.0 -mlittle-endian -mno-xl-soft-div -mno-xl-soft-mul -mxl-barrel-shift -mxl-multiply-high -mxl-pattern-compare" "EXTRA_COMPILER_FLAGS=-g"
"Compiling axiethernet"
"Running Make libs in mb0/libsrc/axivdma_v6_2/src"
make -C mb0/libsrc/axivdma_v6_2/src -s libs  "SHELL=CMD" "COMPILER=mb-gcc" "ARCHIVER=mb-ar" "COMPILER_FLAGS= -O2 -c -mcpu=v10.0 -mlittle-endian -mno-xl-soft-div -mno-xl-soft-mul -mxl-barrel-shift -mxl-multiply-high -mxl-pattern-compare" "EXTRA_COMPILER_FLAGS=-g"
"Compiling axivdma"
"Running Make libs in mb0/libsrc/bram_v4_1/src"
make -C mb0/libsrc/bram_v4_1/src -s libs  "SHELL=CMD" "COMPILER=mb-gcc" "ARCHIVER=mb-ar" "COMPILER_FLAGS= -O2 -c -mcpu=v10.0 -mlittle-endian -mno-xl-soft-div -mno-xl-soft-mul -mxl-barrel-shift -mxl-multiply-high -mxl-pattern-compare" "EXTRA_COMPILER_FLAGS=-g"
"Compiling bram"
"Running Make libs in mb0/libsrc/cpu_v2_5/src"
make -C mb0/libsrc/cpu_v2_5/src -s libs  "SHELL=CMD" "COMPILER=mb-gcc" "ARCHIVER=mb-ar" "COMPILER_FLAGS= -O2 -c -mcpu=v10.0 -mlittle-endian -mno-xl-soft-div -mno-xl-soft-mul -mxl-barrel-shift -mxl-multiply-high -mxl-pattern-compare" "EXTRA_COMPILER_FLAGS=-g"
"Compiling cpu"
"Running Make libs in mb0/libsrc/gpio_v4_3/src"
make -C mb0/libsrc/gpio_v4_3/src -s libs  "SHELL=CMD" "COMPILER=mb-gcc" "ARCHIVER=mb-ar" "COMPILER_FLAGS= -O2 -c -mcpu=v10.0 -mlittle-endian -mno-xl-soft-div -mno-xl-soft-mul -mxl-barrel-shift -mxl-multiply-high -mxl-pattern-compare" "EXTRA_COMPILER_FLAGS=-g"
"Compiling gpio"
"Running Make libs in mb0/libsrc/iic_v3_4/src"
make -C mb0/libsrc/iic_v3_4/src -s libs  "SHELL=CMD" "COMPILER=mb-gcc" "ARCHIVER=mb-ar" "COMPILER_FLAGS= -O2 -c -mcpu=v10.0 -mlittle-endian -mno-xl-soft-div -mno-xl-soft-mul -mxl-barrel-shift -mxl-multiply-high -mxl-pattern-compare" "EXTRA_COMPILER_FLAGS=-g"
"Compiling iic"
"Running Make libs in mb0/libsrc/intc_v3_5/src"
make -C mb0/libsrc/intc_v3_5/src -s libs  "SHELL=CMD" "COMPILER=mb-gcc" "ARCHIVER=mb-ar" "COMPILER_FLAGS= -O2 -c -mcpu=v10.0 -mlittle-endian -mno-xl-soft-div -mno-xl-soft-mul -mxl-barrel-shift -mxl-multiply-high -mxl-pattern-compare" "EXTRA_COMPILER_FLAGS=-g"
"Compiling intc"
"Running Make libs in mb0/libsrc/mbox_v4_1/src"
make -C mb0/libsrc/mbox_v4_1/src -s libs  "SHELL=CMD" "COMPILER=mb-gcc" "ARCHIVER=mb-ar" "COMPILER_FLAGS= -O2 -c -mcpu=v10.0 -mlittle-endian -mno-xl-soft-div -mno-xl-soft-mul -mxl-barrel-shift -mxl-multiply-high -mxl-pattern-compare" "EXTRA_COMPILER_FLAGS=-g"
"Compiling mbox"
"Running Make libs in mb0/libsrc/mutex_v4_2/src"
make -C mb0/libsrc/mutex_v4_2/src -s libs  "SHELL=CMD" "COMPILER=mb-gcc" "ARCHIVER=mb-ar" "COMPILER_FLAGS= -O2 -c -mcpu=v10.0 -mlittle-endian -mno-xl-soft-div -mno-xl-soft-mul -mxl-barrel-shift -mxl-multiply-high -mxl-pattern-compare" "EXTRA_COMPILER_FLAGS=-g"
"Compiling mutex"
"Running Make libs in mb0/libsrc/spi_v4_2/src"
make -C mb0/libsrc/spi_v4_2/src -s libs  "SHELL=CMD" "COMPILER=mb-gcc" "ARCHIVER=mb-ar" "COMPILER_FLAGS= -O2 -c -mcpu=v10.0 -mlittle-endian -mno-xl-soft-div -mno-xl-soft-mul -mxl-barrel-shift -mxl-multiply-high -mxl-pattern-compare" "EXTRA_COMPILER_FLAGS=-g"
"Compiling spi"
"Running Make libs in mb0/libsrc/standalone_v6_1/src"
make -C mb0/libsrc/standalone_v6_1/src -s libs  "SHELL=CMD" "COMPILER=mb-gcc" "ARCHIVER=mb-ar" "COMPILER_FLAGS= -O2 -c -mcpu=v10.0 -mlittle-endian -mno-xl-soft-div -mno-xl-soft-mul -mxl-barrel-shift -mxl-multiply-high -mxl-pattern-compare" "EXTRA_COMPILER_FLAGS=-g"
"Compiling standalone";
"Running Make libs in mb0/libsrc/tmrctr_v4_2/src"
make -C mb0/libsrc/tmrctr_v4_2/src -s libs  "SHELL=CMD" "COMPILER=mb-gcc" "ARCHIVER=mb-ar" "COMPILER_FLAGS= -O2 -c -mcpu=v10.0 -mlittle-endian -mno-xl-soft-div -mno-xl-soft-mul -mxl-barrel-shift -mxl-multiply-high -mxl-pattern-compare" "EXTRA_COMPILER_FLAGS=-g"
"Compiling tmrctr"
"Running Make libs in mb0/libsrc/uartlite_v3_2/src"
make -C mb0/libsrc/uartlite_v3_2/src -s libs  "SHELL=CMD" "COMPILER=mb-gcc" "ARCHIVER=mb-ar" "COMPILER_FLAGS= -O2 -c -mcpu=v10.0 -mlittle-endian -mno-xl-soft-div -mno-xl-soft-mul -mxl-barrel-shift -mxl-multiply-high -mxl-pattern-compare" "EXTRA_COMPILER_FLAGS=-g"
"Compiling uartlite"
'Finished building libraries'
08:27:26 **** Clean-only build of configuration Debug for project driver_HDMI ****
make clean 
rm -rf  ./src/main_mb0.o  ./inc/cf_hdmi.o ./inc/transmitter.o  ./src/main_mb0.d  ./inc/cf_hdmi.d ./inc/transmitter.d  driver_HDMI.elf.size  driver_HDMI.elf
' '
08:27:27 **** Build of configuration Debug for project driver_HDMI ****
make all 
'Building file: ../src/main_mb0.c'
'Invoking: MicroBlaze gcc compiler'
mb-gcc -Wall -O0 -g3 -I"G:\Workspace\driver_HDMI\inc" -c -fmessage-length=0 -MT"src/main_mb0.o" -I../../standalone_mb_0/mb0/include -mlittle-endian -mxl-barrel-shift -mxl-pattern-compare -mno-xl-soft-div -mcpu=v10.0 -mno-xl-soft-mul -mxl-multiply-high -Wl,--no-relax -MMD -MP -MF"src/main_mb0.d" -MT"src/main_mb0.o" -o "src/main_mb0.o" "../src/main_mb0.c"
In file included from ../src/main_mb0.c:46:0:
../../standalone_mb_0/mb0/include/xbasic_types.h:115:2: warning: #warning The xbasics_type.h file is deprecated and users should use xil_types.h and xil_assert. [-Wcpp]
 #warning  The xbasics_type.h file is deprecated and users should use xil_types.h and xil_assert.
  ^
../../standalone_mb_0/mb0/include/xbasic_types.h:116:2: warning: #warning Please refer the Standalone BSP UG647 for further details [-Wcpp]
 #warning  Please refer the Standalone BSP UG647 for further details
  ^
'Finished building: ../src/main_mb0.c'
' '
'Building file: ../inc/cf_hdmi.c'
'Invoking: MicroBlaze gcc compiler'
mb-gcc -Wall -O0 -g3 -I"G:\Workspace\driver_HDMI\inc" -c -fmessage-length=0 -MT"inc/cf_hdmi.o" -I../../standalone_mb_0/mb0/include -mlittle-endian -mxl-barrel-shift -mxl-pattern-compare -mno-xl-soft-div -mcpu=v10.0 -mno-xl-soft-mul -mxl-multiply-high -Wl,--no-relax -MMD -MP -MF"inc/cf_hdmi.d" -MT"inc/cf_hdmi.o" -o "inc/cf_hdmi.o" "../inc/cf_hdmi.c"
'Finished building: ../inc/cf_hdmi.c'
' '
'Building file: ../inc/transmitter.c'
'Invoking: MicroBlaze gcc compiler'
mb-gcc -Wall -O0 -g3 -I"G:\Workspace\driver_HDMI\inc" -c -fmessage-length=0 -MT"inc/transmitter.o" -I../../standalone_mb_0/mb0/include -mlittle-endian -mxl-barrel-shift -mxl-pattern-compare -mno-xl-soft-div -mcpu=v10.0 -mno-xl-soft-mul -mxl-multiply-high -Wl,--no-relax -MMD -MP -MF"inc/transmitter.d" -MT"inc/transmitter.o" -o "inc/transmitter.o" "../inc/transmitter.c"
'Finished building: ../inc/transmitter.c'
' '
'Building target: driver_HDMI.elf'
'Invoking: MicroBlaze gcc linker'
mb-gcc -L"G:\Workspace\driver_HDMI\lib" -Wl,-T -Wl,../src/lscript.ld -L../../standalone_mb_0/mb0/lib -mlittle-endian -mxl-barrel-shift -mxl-pattern-compare -mno-xl-soft-div -mcpu=v10.0 -mno-xl-soft-mul -mxl-multiply-high -Wl,--no-relax -o "driver_HDMI.elf"  ./src/main_mb0.o  ./inc/cf_hdmi.o ./inc/transmitter.o   -lHDMI_MicroBlazeLib -Wl,--start-group,-lxil,-lgcc,-lc,--end-group
'Finished building target: driver_HDMI.elf'
' '
'Invoking: MicroBlaze Print Size'
mb-size driver_HDMI.elf  |tee "driver_HDMI.elf.size"
   text	   data	    bss	    dec	    hex	filename
  87558	1229400	   4024	1320982	 142816	driver_HDMI.elf
'Finished building: driver_HDMI.elf.size'
' '
08:37:38 **** Auto Build of configuration Debug for project MB1_RTOS ****
make all 
'Building file: ../src/elt3017_draw.c'
'Invoking: MicroBlaze gcc compiler'
mb-gcc -Wall -O0 -g3 -c -fmessage-length=0 -MT"src/elt3017_draw.o" -I../../freertos_mb_1/mb1/include -mlittle-endian -mxl-barrel-shift -mxl-pattern-compare -mno-xl-soft-div -mcpu=v10.0 -mno-xl-soft-mul -mxl-multiply-high -Wl,--no-relax -MMD -MP -MF"src/elt3017_draw.d" -MT"src/elt3017_draw.o" -o "src/elt3017_draw.o" "../src/elt3017_draw.c"
In file included from ../src/elt3017_draw.h:11:0,
                 from ../src/elt3017_draw.c:10:
../src/mb1.h:7:10: note: #pragma message: Running A Dinosaur Game
  #pragma message "Running A Dinosaur Game"
          ^
'Finished building: ../src/elt3017_draw.c'
' '
'Building file: ../src/main_dino.c'
'Invoking: MicroBlaze gcc compiler'
mb-gcc -Wall -O0 -g3 -c -fmessage-length=0 -MT"src/main_dino.o" -I../../freertos_mb_1/mb1/include -mlittle-endian -mxl-barrel-shift -mxl-pattern-compare -mno-xl-soft-div -mcpu=v10.0 -mno-xl-soft-mul -mxl-multiply-high -Wl,--no-relax -MMD -MP -MF"src/main_dino.d" -MT"src/main_dino.o" -o "src/main_dino.o" "../src/main_dino.c"
In file included from ../src/main_dino.c:1:0:
../src/mb1.h:7:10: note: #pragma message: Running A Dinosaur Game
  #pragma message "Running A Dinosaur Game"
          ^
'Finished building: ../src/main_dino.c'
' '
'Building target: MB1_RTOS.elf'
'Invoking: MicroBlaze gcc linker'
mb-gcc -Wl,-T -Wl,../src/lscript.ld -L../../freertos_mb_1/mb1/lib -mlittle-endian -mxl-barrel-shift -mxl-pattern-compare -mno-xl-soft-div -mcpu=v10.0 -mno-xl-soft-mul -mxl-multiply-high -Wl,--no-relax -o "MB1_RTOS.elf"  ./src/elt3017_draw.o ./src/main_dino.o ./src/main_intr.o   -Wl,--start-group,-lxil,-lfreertos,-lgcc,-lc,--end-group
'Finished building target: MB1_RTOS.elf'
' '
'Invoking: MicroBlaze Print Size'
mb-size MB1_RTOS.elf  |tee "MB1_RTOS.elf.size"
   text	   data	    bss	    dec	    hex	filename
  96336	   1768	  69672	 167776	  28f60	MB1_RTOS.elf
'Finished building: MB1_RTOS.elf.size'
' '
08:38:17 **** Incremental Build of configuration Debug for project MB1_RTOS ****
make all 
make: Nothing to be done for `all'.
08:38:18 **** Incremental Build of configuration Debug for project driver_HDMI ****
make all 
make: Nothing to be done for `all'.
08:41:11 **** Incremental Build of configuration Debug for project MB1_RTOS ****
make all 
'Building file: ../src/elt3017_draw.c'
'Invoking: MicroBlaze gcc compiler'
mb-gcc -Wall -O0 -g3 -c -fmessage-length=0 -MT"src/elt3017_draw.o" -I../../freertos_mb_1/mb1/include -mlittle-endian -mxl-barrel-shift -mxl-pattern-compare -mno-xl-soft-div -mcpu=v10.0 -mno-xl-soft-mul -mxl-multiply-high -Wl,--no-relax -MMD -MP -MF"src/elt3017_draw.d" -MT"src/elt3017_draw.o" -o "src/elt3017_draw.o" "../src/elt3017_draw.c"
In file included from ../src/elt3017_draw.h:11:0,
                 from ../src/elt3017_draw.c:10:
../src/mb1.h:7:10: note: #pragma message: Running A Dinosaur Game
  #pragma message "Running A Dinosaur Game"
          ^
'Finished building: ../src/elt3017_draw.c'
' '
'Building file: ../src/main_dino.c'
'Invoking: MicroBlaze gcc compiler'
mb-gcc -Wall -O0 -g3 -c -fmessage-length=0 -MT"src/main_dino.o" -I../../freertos_mb_1/mb1/include -mlittle-endian -mxl-barrel-shift -mxl-pattern-compare -mno-xl-soft-div -mcpu=v10.0 -mno-xl-soft-mul -mxl-multiply-high -Wl,--no-relax -MMD -MP -MF"src/main_dino.d" -MT"src/main_dino.o" -o "src/main_dino.o" "../src/main_dino.c"
In file included from ../src/main_dino.c:1:0:
../src/mb1.h:7:10: note: #pragma message: Running A Dinosaur Game
  #pragma message "Running A Dinosaur Game"
          ^
'Finished building: ../src/main_dino.c'
' '
'Building target: MB1_RTOS.elf'
'Invoking: MicroBlaze gcc linker'
mb-gcc -Wl,-T -Wl,../src/lscript.ld -L../../freertos_mb_1/mb1/lib -mlittle-endian -mxl-barrel-shift -mxl-pattern-compare -mno-xl-soft-div -mcpu=v10.0 -mno-xl-soft-mul -mxl-multiply-high -Wl,--no-relax -o "MB1_RTOS.elf"  ./src/elt3017_draw.o ./src/main_dino.o ./src/main_intr.o   -Wl,--start-group,-lxil,-lfreertos,-lgcc,-lc,--end-group
'Finished building target: MB1_RTOS.elf'
' '
'Invoking: MicroBlaze Print Size'
mb-size MB1_RTOS.elf  |tee "MB1_RTOS.elf.size"
   text	   data	    bss	    dec	    hex	filename
  96336	   1768	  69672	 167776	  28f60	MB1_RTOS.elf
'Finished building: MB1_RTOS.elf.size'
' '
08:41:12 **** Incremental Build of configuration Debug for project driver_HDMI ****
make all 
make: Nothing to be done for `all'.
08:43:22 **** Incremental Build of configuration Debug for project MB1_RTOS ****
make all 
'Building file: ../src/main_dino.c'
'Invoking: MicroBlaze gcc compiler'
mb-gcc -Wall -O0 -g3 -c -fmessage-length=0 -MT"src/main_dino.o" -I../../freertos_mb_1/mb1/include -mlittle-endian -mxl-barrel-shift -mxl-pattern-compare -mno-xl-soft-div -mcpu=v10.0 -mno-xl-soft-mul -mxl-multiply-high -Wl,--no-relax -MMD -MP -MF"src/main_dino.d" -MT"src/main_dino.o" -o "src/main_dino.o" "../src/main_dino.c"
In file included from ../src/main_dino.c:1:0:
../src/mb1.h:7:10: note: #pragma message: Running A Dinosaur Game
  #pragma message "Running A Dinosaur Game"
          ^
'Finished building: ../src/main_dino.c'
' '
'Building target: MB1_RTOS.elf'
'Invoking: MicroBlaze gcc linker'
mb-gcc -Wl,-T -Wl,../src/lscript.ld -L../../freertos_mb_1/mb1/lib -mlittle-endian -mxl-barrel-shift -mxl-pattern-compare -mno-xl-soft-div -mcpu=v10.0 -mno-xl-soft-mul -mxl-multiply-high -Wl,--no-relax -o "MB1_RTOS.elf"  ./src/elt3017_draw.o ./src/main_dino.o ./src/main_intr.o   -Wl,--start-group,-lxil,-lfreertos,-lgcc,-lc,--end-group
'Finished building target: MB1_RTOS.elf'
' '
'Invoking: MicroBlaze Print Size'
mb-size MB1_RTOS.elf  |tee "MB1_RTOS.elf.size"
   text	   data	    bss	    dec	    hex	filename
  96336	   1768	  69672	 167776	  28f60	MB1_RTOS.elf
'Finished building: MB1_RTOS.elf.size'
' '
08:43:23 **** Incremental Build of configuration Debug for project driver_HDMI ****
make all 
make: Nothing to be done for `all'.
08:45:17 **** Incremental Build of configuration Debug for project MB1_RTOS ****
make all 
'Building file: ../src/main_dino.c'
'Invoking: MicroBlaze gcc compiler'
mb-gcc -Wall -O0 -g3 -c -fmessage-length=0 -MT"src/main_dino.o" -I../../freertos_mb_1/mb1/include -mlittle-endian -mxl-barrel-shift -mxl-pattern-compare -mno-xl-soft-div -mcpu=v10.0 -mno-xl-soft-mul -mxl-multiply-high -Wl,--no-relax -MMD -MP -MF"src/main_dino.d" -MT"src/main_dino.o" -o "src/main_dino.o" "../src/main_dino.c"
In file included from ../src/main_dino.c:1:0:
../src/mb1.h:7:10: note: #pragma message: Running A Dinosaur Game
  #pragma message "Running A Dinosaur Game"
          ^
'Finished building: ../src/main_dino.c'
' '
'Building target: MB1_RTOS.elf'
'Invoking: MicroBlaze gcc linker'
mb-gcc -Wl,-T -Wl,../src/lscript.ld -L../../freertos_mb_1/mb1/lib -mlittle-endian -mxl-barrel-shift -mxl-pattern-compare -mno-xl-soft-div -mcpu=v10.0 -mno-xl-soft-mul -mxl-multiply-high -Wl,--no-relax -o "MB1_RTOS.elf"  ./src/elt3017_draw.o ./src/main_dino.o ./src/main_intr.o   -Wl,--start-group,-lxil,-lfreertos,-lgcc,-lc,--end-group
'Finished building target: MB1_RTOS.elf'
' '
'Invoking: MicroBlaze Print Size'
mb-size MB1_RTOS.elf  |tee "MB1_RTOS.elf.size"
   text	   data	    bss	    dec	    hex	filename
  96336	   1768	  69672	 167776	  28f60	MB1_RTOS.elf
'Finished building: MB1_RTOS.elf.size'
' '
08:45:19 **** Incremental Build of configuration Debug for project driver_HDMI ****
make all 
make: Nothing to be done for `all'.
08:55:19 **** Incremental Build of configuration Debug for project MB1_RTOS ****
make all 
'Building file: ../src/main_dino.c'
'Invoking: MicroBlaze gcc compiler'
mb-gcc -Wall -O0 -g3 -c -fmessage-length=0 -MT"src/main_dino.o" -I../../freertos_mb_1/mb1/include -mlittle-endian -mxl-barrel-shift -mxl-pattern-compare -mno-xl-soft-div -mcpu=v10.0 -mno-xl-soft-mul -mxl-multiply-high -Wl,--no-relax -MMD -MP -MF"src/main_dino.d" -MT"src/main_dino.o" -o "src/main_dino.o" "../src/main_dino.c"
In file included from ../src/main_dino.c:1:0:
../src/mb1.h:7:10: note: #pragma message: Running A Dinosaur Game
  #pragma message "Running A Dinosaur Game"
          ^
'Finished building: ../src/main_dino.c'
' '
'Building target: MB1_RTOS.elf'
'Invoking: MicroBlaze gcc linker'
mb-gcc -Wl,-T -Wl,../src/lscript.ld -L../../freertos_mb_1/mb1/lib -mlittle-endian -mxl-barrel-shift -mxl-pattern-compare -mno-xl-soft-div -mcpu=v10.0 -mno-xl-soft-mul -mxl-multiply-high -Wl,--no-relax -o "MB1_RTOS.elf"  ./src/elt3017_draw.o ./src/main_dino.o ./src/main_intr.o   -Wl,--start-group,-lxil,-lfreertos,-lgcc,-lc,--end-group
'Finished building target: MB1_RTOS.elf'
' '
'Invoking: MicroBlaze Print Size'
mb-size MB1_RTOS.elf  |tee "MB1_RTOS.elf.size"
   text	   data	    bss	    dec	    hex	filename
  96576	   1768	  69672	 168016	  29050	MB1_RTOS.elf
'Finished building: MB1_RTOS.elf.size'
' '
08:55:21 **** Incremental Build of configuration Debug for project driver_HDMI ****
make all 
make: Nothing to be done for `all'.
08:57:34 **** Incremental Build of configuration Debug for project MB1_RTOS ****
make all 
'Building file: ../src/main_dino.c'
'Invoking: MicroBlaze gcc compiler'
mb-gcc -Wall -O0 -g3 -c -fmessage-length=0 -MT"src/main_dino.o" -I../../freertos_mb_1/mb1/include -mlittle-endian -mxl-barrel-shift -mxl-pattern-compare -mno-xl-soft-div -mcpu=v10.0 -mno-xl-soft-mul -mxl-multiply-high -Wl,--no-relax -MMD -MP -MF"src/main_dino.d" -MT"src/main_dino.o" -o "src/main_dino.o" "../src/main_dino.c"
In file included from ../src/main_dino.c:1:0:
../src/mb1.h:7:10: note: #pragma message: Running A Dinosaur Game
  #pragma message "Running A Dinosaur Game"
          ^
'Finished building: ../src/main_dino.c'
' '
'Building target: MB1_RTOS.elf'
'Invoking: MicroBlaze gcc linker'
mb-gcc -Wl,-T -Wl,../src/lscript.ld -L../../freertos_mb_1/mb1/lib -mlittle-endian -mxl-barrel-shift -mxl-pattern-compare -mno-xl-soft-div -mcpu=v10.0 -mno-xl-soft-mul -mxl-multiply-high -Wl,--no-relax -o "MB1_RTOS.elf"  ./src/elt3017_draw.o ./src/main_dino.o ./src/main_intr.o   -Wl,--start-group,-lxil,-lfreertos,-lgcc,-lc,--end-group
'Finished building target: MB1_RTOS.elf'
' '
'Invoking: MicroBlaze Print Size'
mb-size MB1_RTOS.elf  |tee "MB1_RTOS.elf.size"
   text	   data	    bss	    dec	    hex	filename
  96576	   1768	  69672	 168016	  29050	MB1_RTOS.elf
'Finished building: MB1_RTOS.elf.size'
' '
08:57:35 **** Incremental Build of configuration Debug for project driver_HDMI ****
make all 
make: Nothing to be done for `all'.
08:58:59 **** Incremental Build of configuration Debug for project MB1_RTOS ****
make all 
make: Nothing to be done for `all'.
08:59:00 **** Incremental Build of configuration Debug for project driver_HDMI ****
make all 
make: Nothing to be done for `all'.
09:00:12 **** Incremental Build of configuration Debug for project MB1_RTOS ****
make all 
make: Nothing to be done for `all'.
09:00:13 **** Incremental Build of configuration Debug for project driver_HDMI ****
make all 
make: Nothing to be done for `all'.
09:02:46 **** Incremental Build of configuration Debug for project MB1_RTOS ****
make all 
'Building file: ../src/main_dino.c'
'Invoking: MicroBlaze gcc compiler'
mb-gcc -Wall -O0 -g3 -c -fmessage-length=0 -MT"src/main_dino.o" -I../../freertos_mb_1/mb1/include -mlittle-endian -mxl-barrel-shift -mxl-pattern-compare -mno-xl-soft-div -mcpu=v10.0 -mno-xl-soft-mul -mxl-multiply-high -Wl,--no-relax -MMD -MP -MF"src/main_dino.d" -MT"src/main_dino.o" -o "src/main_dino.o" "../src/main_dino.c"
In file included from ../src/main_dino.c:1:0:
../src/mb1.h:7:10: note: #pragma message: Running A Dinosaur Game
  #pragma message "Running A Dinosaur Game"
          ^
'Finished building: ../src/main_dino.c'
' '
'Building target: MB1_RTOS.elf'
'Invoking: MicroBlaze gcc linker'
mb-gcc -Wl,-T -Wl,../src/lscript.ld -L../../freertos_mb_1/mb1/lib -mlittle-endian -mxl-barrel-shift -mxl-pattern-compare -mno-xl-soft-div -mcpu=v10.0 -mno-xl-soft-mul -mxl-multiply-high -Wl,--no-relax -o "MB1_RTOS.elf"  ./src/elt3017_draw.o ./src/main_dino.o ./src/main_intr.o   -Wl,--start-group,-lxil,-lfreertos,-lgcc,-lc,--end-group
'Finished building target: MB1_RTOS.elf'
' '
'Invoking: MicroBlaze Print Size'
mb-size MB1_RTOS.elf  |tee "MB1_RTOS.elf.size"
   text	   data	    bss	    dec	    hex	filename
  96576	   1768	  69672	 168016	  29050	MB1_RTOS.elf
'Finished building: MB1_RTOS.elf.size'
' '
09:02:48 **** Incremental Build of configuration Debug for project driver_HDMI ****
make all 
make: Nothing to be done for `all'.
09:06:10 **** Incremental Build of configuration Debug for project MB1_RTOS ****
make all 
'Building file: ../src/main_dino.c'
'Invoking: MicroBlaze gcc compiler'
mb-gcc -Wall -O0 -g3 -c -fmessage-length=0 -MT"src/main_dino.o" -I../../freertos_mb_1/mb1/include -mlittle-endian -mxl-barrel-shift -mxl-pattern-compare -mno-xl-soft-div -mcpu=v10.0 -mno-xl-soft-mul -mxl-multiply-high -Wl,--no-relax -MMD -MP -MF"src/main_dino.d" -MT"src/main_dino.o" -o "src/main_dino.o" "../src/main_dino.c"
In file included from ../src/main_dino.c:1:0:
../src/mb1.h:7:10: note: #pragma message: Running A Dinosaur Game
  #pragma message "Running A Dinosaur Game"
          ^
../src/main_dino.c: In function 'HitCheckTask':
../src/main_dino.c:209:35: error: expected ')' before numeric constant
     if ((DinoY  < 100 && DinoY >5 0)||(DinoY  < 250 && DinoY > 150)) {
                                   ^
make: *** [src/main_dino.o] Error 1
09:06:11 **** Incremental Build of configuration Debug for project driver_HDMI ****
make all 
make: Nothing to be done for `all'.
09:06:46 **** Incremental Build of configuration Debug for project MB1_RTOS ****
make all 
'Building file: ../src/main_dino.c'
'Invoking: MicroBlaze gcc compiler'
mb-gcc -Wall -O0 -g3 -c -fmessage-length=0 -MT"src/main_dino.o" -I../../freertos_mb_1/mb1/include -mlittle-endian -mxl-barrel-shift -mxl-pattern-compare -mno-xl-soft-div -mcpu=v10.0 -mno-xl-soft-mul -mxl-multiply-high -Wl,--no-relax -MMD -MP -MF"src/main_dino.d" -MT"src/main_dino.o" -o "src/main_dino.o" "../src/main_dino.c"
In file included from ../src/main_dino.c:1:0:
../src/mb1.h:7:10: note: #pragma message: Running A Dinosaur Game
  #pragma message "Running A Dinosaur Game"
          ^
'Finished building: ../src/main_dino.c'
' '
'Building target: MB1_RTOS.elf'
'Invoking: MicroBlaze gcc linker'
mb-gcc -Wl,-T -Wl,../src/lscript.ld -L../../freertos_mb_1/mb1/lib -mlittle-endian -mxl-barrel-shift -mxl-pattern-compare -mno-xl-soft-div -mcpu=v10.0 -mno-xl-soft-mul -mxl-multiply-high -Wl,--no-relax -o "MB1_RTOS.elf"  ./src/elt3017_draw.o ./src/main_dino.o ./src/main_intr.o   -Wl,--start-group,-lxil,-lfreertos,-lgcc,-lc,--end-group
'Finished building target: MB1_RTOS.elf'
' '
'Invoking: MicroBlaze Print Size'
mb-size MB1_RTOS.elf  |tee "MB1_RTOS.elf.size"
   text	   data	    bss	    dec	    hex	filename
  96576	   1768	  69672	 168016	  29050	MB1_RTOS.elf
'Finished building: MB1_RTOS.elf.size'
' '
09:06:48 **** Incremental Build of configuration Debug for project driver_HDMI ****
make all 
make: Nothing to be done for `all'.
09:10:44 **** Incremental Build of configuration Debug for project MB1_RTOS ****
make all 
'Building file: ../src/main_dino.c'
'Invoking: MicroBlaze gcc compiler'
mb-gcc -Wall -O0 -g3 -c -fmessage-length=0 -MT"src/main_dino.o" -I../../freertos_mb_1/mb1/include -mlittle-endian -mxl-barrel-shift -mxl-pattern-compare -mno-xl-soft-div -mcpu=v10.0 -mno-xl-soft-mul -mxl-multiply-high -Wl,--no-relax -MMD -MP -MF"src/main_dino.d" -MT"src/main_dino.o" -o "src/main_dino.o" "../src/main_dino.c"
In file included from ../src/main_dino.c:1:0:
../src/mb1.h:7:10: note: #pragma message: Running A Dinosaur Game
  #pragma message "Running A Dinosaur Game"
          ^
'Finished building: ../src/main_dino.c'
' '
'Building target: MB1_RTOS.elf'
'Invoking: MicroBlaze gcc linker'
mb-gcc -Wl,-T -Wl,../src/lscript.ld -L../../freertos_mb_1/mb1/lib -mlittle-endian -mxl-barrel-shift -mxl-pattern-compare -mno-xl-soft-div -mcpu=v10.0 -mno-xl-soft-mul -mxl-multiply-high -Wl,--no-relax -o "MB1_RTOS.elf"  ./src/elt3017_draw.o ./src/main_dino.o ./src/main_intr.o   -Wl,--start-group,-lxil,-lfreertos,-lgcc,-lc,--end-group
'Finished building target: MB1_RTOS.elf'
' '
'Invoking: MicroBlaze Print Size'
mb-size MB1_RTOS.elf  |tee "MB1_RTOS.elf.size"
   text	   data	    bss	    dec	    hex	filename
  96576	   1768	  69672	 168016	  29050	MB1_RTOS.elf
'Finished building: MB1_RTOS.elf.size'
' '
09:10:46 **** Incremental Build of configuration Debug for project driver_HDMI ****
make all 
make: Nothing to be done for `all'.
09:11:18 **** Incremental Build of configuration Debug for project MB1_RTOS ****
make all 
make: Nothing to be done for `all'.
09:11:19 **** Incremental Build of configuration Debug for project driver_HDMI ****
make all 
make: Nothing to be done for `all'.
09:13:22 **** Incremental Build of configuration Debug for project MB1_RTOS ****
make all 
make: Nothing to be done for `all'.
09:13:23 **** Incremental Build of configuration Debug for project driver_HDMI ****
make all 
make: Nothing to be done for `all'.
09:16:07 **** Incremental Build of configuration Debug for project MB1_RTOS ****
make all 
make: Nothing to be done for `all'.
09:16:07 **** Incremental Build of configuration Debug for project driver_HDMI ****
make all 
make: Nothing to be done for `all'.
09:17:57 **** Incremental Build of configuration Debug for project MB1_RTOS ****
make all 
'Building file: ../src/main_dino.c'
'Invoking: MicroBlaze gcc compiler'
mb-gcc -Wall -O0 -g3 -c -fmessage-length=0 -MT"src/main_dino.o" -I../../freertos_mb_1/mb1/include -mlittle-endian -mxl-barrel-shift -mxl-pattern-compare -mno-xl-soft-div -mcpu=v10.0 -mno-xl-soft-mul -mxl-multiply-high -Wl,--no-relax -MMD -MP -MF"src/main_dino.d" -MT"src/main_dino.o" -o "src/main_dino.o" "../src/main_dino.c"
In file included from ../src/main_dino.c:1:0:
../src/mb1.h:7:10: note: #pragma message: Running A Dinosaur Game
  #pragma message "Running A Dinosaur Game"
          ^
'Finished building: ../src/main_dino.c'
' '
'Building target: MB1_RTOS.elf'
'Invoking: MicroBlaze gcc linker'
mb-gcc -Wl,-T -Wl,../src/lscript.ld -L../../freertos_mb_1/mb1/lib -mlittle-endian -mxl-barrel-shift -mxl-pattern-compare -mno-xl-soft-div -mcpu=v10.0 -mno-xl-soft-mul -mxl-multiply-high -Wl,--no-relax -o "MB1_RTOS.elf"  ./src/elt3017_draw.o ./src/main_dino.o ./src/main_intr.o   -Wl,--start-group,-lxil,-lfreertos,-lgcc,-lc,--end-group
'Finished building target: MB1_RTOS.elf'
' '
'Invoking: MicroBlaze Print Size'
mb-size MB1_RTOS.elf  |tee "MB1_RTOS.elf.size"
   text	   data	    bss	    dec	    hex	filename
  96576	   1768	  69672	 168016	  29050	MB1_RTOS.elf
'Finished building: MB1_RTOS.elf.size'
' '
09:17:58 **** Incremental Build of configuration Debug for project driver_HDMI ****
make all 
make: Nothing to be done for `all'.
09:24:06 **** Incremental Build of configuration Debug for project MB1_RTOS ****
make all 
'Building file: ../src/main_dino.c'
'Invoking: MicroBlaze gcc compiler'
mb-gcc -Wall -O0 -g3 -c -fmessage-length=0 -MT"src/main_dino.o" -I../../freertos_mb_1/mb1/include -mlittle-endian -mxl-barrel-shift -mxl-pattern-compare -mno-xl-soft-div -mcpu=v10.0 -mno-xl-soft-mul -mxl-multiply-high -Wl,--no-relax -MMD -MP -MF"src/main_dino.d" -MT"src/main_dino.o" -o "src/main_dino.o" "../src/main_dino.c"
In file included from ../src/main_dino.c:1:0:
../src/mb1.h:7:10: note: #pragma message: Running A Dinosaur Game
  #pragma message "Running A Dinosaur Game"
          ^
'Finished building: ../src/main_dino.c'
' '
'Building target: MB1_RTOS.elf'
'Invoking: MicroBlaze gcc linker'
mb-gcc -Wl,-T -Wl,../src/lscript.ld -L../../freertos_mb_1/mb1/lib -mlittle-endian -mxl-barrel-shift -mxl-pattern-compare -mno-xl-soft-div -mcpu=v10.0 -mno-xl-soft-mul -mxl-multiply-high -Wl,--no-relax -o "MB1_RTOS.elf"  ./src/elt3017_draw.o ./src/main_dino.o ./src/main_intr.o   -Wl,--start-group,-lxil,-lfreertos,-lgcc,-lc,--end-group
'Finished building target: MB1_RTOS.elf'
' '
'Invoking: MicroBlaze Print Size'
mb-size MB1_RTOS.elf  |tee "MB1_RTOS.elf.size"
   text	   data	    bss	    dec	    hex	filename
  96576	   1768	  69672	 168016	  29050	MB1_RTOS.elf
'Finished building: MB1_RTOS.elf.size'
' '
09:24:08 **** Incremental Build of configuration Debug for project driver_HDMI ****
make all 
make: Nothing to be done for `all'.
09:27:21 **** Incremental Build of configuration Debug for project MB1_RTOS ****
make all 
'Building file: ../src/main_dino.c'
'Invoking: MicroBlaze gcc compiler'
mb-gcc -Wall -O0 -g3 -c -fmessage-length=0 -MT"src/main_dino.o" -I../../freertos_mb_1/mb1/include -mlittle-endian -mxl-barrel-shift -mxl-pattern-compare -mno-xl-soft-div -mcpu=v10.0 -mno-xl-soft-mul -mxl-multiply-high -Wl,--no-relax -MMD -MP -MF"src/main_dino.d" -MT"src/main_dino.o" -o "src/main_dino.o" "../src/main_dino.c"
In file included from ../src/main_dino.c:1:0:
../src/mb1.h:7:10: note: #pragma message: Running A Dinosaur Game
  #pragma message "Running A Dinosaur Game"
          ^
'Finished building: ../src/main_dino.c'
' '
'Building target: MB1_RTOS.elf'
'Invoking: MicroBlaze gcc linker'
mb-gcc -Wl,-T -Wl,../src/lscript.ld -L../../freertos_mb_1/mb1/lib -mlittle-endian -mxl-barrel-shift -mxl-pattern-compare -mno-xl-soft-div -mcpu=v10.0 -mno-xl-soft-mul -mxl-multiply-high -Wl,--no-relax -o "MB1_RTOS.elf"  ./src/elt3017_draw.o ./src/main_dino.o ./src/main_intr.o   -Wl,--start-group,-lxil,-lfreertos,-lgcc,-lc,--end-group
'Finished building target: MB1_RTOS.elf'
' '
'Invoking: MicroBlaze Print Size'
mb-size MB1_RTOS.elf  |tee "MB1_RTOS.elf.size"
   text	   data	    bss	    dec	    hex	filename
  96560	   1768	  69672	 168000	  29040	MB1_RTOS.elf
'Finished building: MB1_RTOS.elf.size'
' '
09:27:23 **** Incremental Build of configuration Debug for project driver_HDMI ****
make all 
make: Nothing to be done for `all'.
09:29:14 **** Incremental Build of configuration Debug for project MB1_RTOS ****
make all 
make: Nothing to be done for `all'.
09:29:15 **** Incremental Build of configuration Debug for project driver_HDMI ****
make all 
make: Nothing to be done for `all'.
09:33:27 **** Incremental Build of configuration Debug for project MB1_RTOS ****
make all 
'Building file: ../src/elt3017_draw.c'
'Invoking: MicroBlaze gcc compiler'
mb-gcc -Wall -O0 -g3 -c -fmessage-length=0 -MT"src/elt3017_draw.o" -I../../freertos_mb_1/mb1/include -mlittle-endian -mxl-barrel-shift -mxl-pattern-compare -mno-xl-soft-div -mcpu=v10.0 -mno-xl-soft-mul -mxl-multiply-high -Wl,--no-relax -MMD -MP -MF"src/elt3017_draw.d" -MT"src/elt3017_draw.o" -o "src/elt3017_draw.o" "../src/elt3017_draw.c"
In file included from ../src/elt3017_draw.h:11:0,
                 from ../src/elt3017_draw.c:10:
../src/mb1.h:7:10: note: #pragma message: Running A Dinosaur Game
  #pragma message "Running A Dinosaur Game"
          ^
'Finished building: ../src/elt3017_draw.c'
' '
'Building target: MB1_RTOS.elf'
'Invoking: MicroBlaze gcc linker'
mb-gcc -Wl,-T -Wl,../src/lscript.ld -L../../freertos_mb_1/mb1/lib -mlittle-endian -mxl-barrel-shift -mxl-pattern-compare -mno-xl-soft-div -mcpu=v10.0 -mno-xl-soft-mul -mxl-multiply-high -Wl,--no-relax -o "MB1_RTOS.elf"  ./src/elt3017_draw.o ./src/main_dino.o ./src/main_intr.o   -Wl,--start-group,-lxil,-lfreertos,-lgcc,-lc,--end-group
'Finished building target: MB1_RTOS.elf'
' '
'Invoking: MicroBlaze Print Size'
mb-size MB1_RTOS.elf  |tee "MB1_RTOS.elf.size"
   text	   data	    bss	    dec	    hex	filename
  96640	   1768	  69672	 168080	  29090	MB1_RTOS.elf
'Finished building: MB1_RTOS.elf.size'
' '
09:33:29 **** Incremental Build of configuration Debug for project driver_HDMI ****
make all 
make: Nothing to be done for `all'.
09:34:30 **** Incremental Build of configuration Debug for project MB1_RTOS ****
make all 
'Building file: ../src/elt3017_draw.c'
'Invoking: MicroBlaze gcc compiler'
mb-gcc -Wall -O0 -g3 -c -fmessage-length=0 -MT"src/elt3017_draw.o" -I../../freertos_mb_1/mb1/include -mlittle-endian -mxl-barrel-shift -mxl-pattern-compare -mno-xl-soft-div -mcpu=v10.0 -mno-xl-soft-mul -mxl-multiply-high -Wl,--no-relax -MMD -MP -MF"src/elt3017_draw.d" -MT"src/elt3017_draw.o" -o "src/elt3017_draw.o" "../src/elt3017_draw.c"
In file included from ../src/elt3017_draw.h:11:0,
                 from ../src/elt3017_draw.c:10:
../src/mb1.h:7:10: note: #pragma message: Running A Dinosaur Game
  #pragma message "Running A Dinosaur Game"
          ^
'Finished building: ../src/elt3017_draw.c'
' '
'Building file: ../src/main_dino.c'
'Invoking: MicroBlaze gcc compiler'
mb-gcc -Wall -O0 -g3 -c -fmessage-length=0 -MT"src/main_dino.o" -I../../freertos_mb_1/mb1/include -mlittle-endian -mxl-barrel-shift -mxl-pattern-compare -mno-xl-soft-div -mcpu=v10.0 -mno-xl-soft-mul -mxl-multiply-high -Wl,--no-relax -MMD -MP -MF"src/main_dino.d" -MT"src/main_dino.o" -o "src/main_dino.o" "../src/main_dino.c"
In file included from ../src/main_dino.c:1:0:
../src/mb1.h:7:10: note: #pragma message: Running A Dinosaur Game
  #pragma message "Running A Dinosaur Game"
          ^
'Finished building: ../src/main_dino.c'
' '
'Building target: MB1_RTOS.elf'
'Invoking: MicroBlaze gcc linker'
mb-gcc -Wl,-T -Wl,../src/lscript.ld -L../../freertos_mb_1/mb1/lib -mlittle-endian -mxl-barrel-shift -mxl-pattern-compare -mno-xl-soft-div -mcpu=v10.0 -mno-xl-soft-mul -mxl-multiply-high -Wl,--no-relax -o "MB1_RTOS.elf"  ./src/elt3017_draw.o ./src/main_dino.o ./src/main_intr.o   -Wl,--start-group,-lxil,-lfreertos,-lgcc,-lc,--end-group
'Finished building target: MB1_RTOS.elf'
' '
'Invoking: MicroBlaze Print Size'
mb-size MB1_RTOS.elf  |tee "MB1_RTOS.elf.size"
   text	   data	    bss	    dec	    hex	filename
  96480	   1768	  69672	 167920	  28ff0	MB1_RTOS.elf
'Finished building: MB1_RTOS.elf.size'
' '
09:34:31 **** Incremental Build of configuration Debug for project driver_HDMI ****
make all 
make: Nothing to be done for `all'.
09:36:22 **** Auto Build of configuration Debug for project MB1_RTOS ****
make all 
'Building file: ../src/elt3017_draw.c'
'Invoking: MicroBlaze gcc compiler'
mb-gcc -Wall -O0 -g3 -c -fmessage-length=0 -MT"src/elt3017_draw.o" -I../../freertos_mb_1/mb1/include -mlittle-endian -mxl-barrel-shift -mxl-pattern-compare -mno-xl-soft-div -mcpu=v10.0 -mno-xl-soft-mul -mxl-multiply-high -Wl,--no-relax -MMD -MP -MF"src/elt3017_draw.d" -MT"src/elt3017_draw.o" -o "src/elt3017_draw.o" "../src/elt3017_draw.c"
In file included from ../src/elt3017_draw.h:11:0,
                 from ../src/elt3017_draw.c:10:
../src/mb1.h:7:10: note: #pragma message: Running A Dinosaur Game
  #pragma message "Running A Dinosaur Game"
          ^
'Finished building: ../src/elt3017_draw.c'
' '
'Building target: MB1_RTOS.elf'
'Invoking: MicroBlaze gcc linker'
mb-gcc -Wl,-T -Wl,../src/lscript.ld -L../../freertos_mb_1/mb1/lib -mlittle-endian -mxl-barrel-shift -mxl-pattern-compare -mno-xl-soft-div -mcpu=v10.0 -mno-xl-soft-mul -mxl-multiply-high -Wl,--no-relax -o "MB1_RTOS.elf"  ./src/elt3017_draw.o ./src/main_dino.o ./src/main_intr.o   -Wl,--start-group,-lxil,-lfreertos,-lgcc,-lc,--end-group
'Finished building target: MB1_RTOS.elf'
' '
'Invoking: MicroBlaze Print Size'
mb-size MB1_RTOS.elf  |tee "MB1_RTOS.elf.size"
   text	   data	    bss	    dec	    hex	filename
  96400	   1768	  69672	 167840	  28fa0	MB1_RTOS.elf
'Finished building: MB1_RTOS.elf.size'
' '
12:13:21 **** Auto Build of configuration Debug for project MB1_RTOS ****
make all 
'Building file: ../src/main_dino.c'
'Invoking: MicroBlaze gcc compiler'
mb-gcc -Wall -O0 -g3 -c -fmessage-length=0 -MT"src/main_dino.o" -I../../freertos_mb_1/mb1/include -mlittle-endian -mxl-barrel-shift -mxl-pattern-compare -mno-xl-soft-div -mcpu=v10.0 -mno-xl-soft-mul -mxl-multiply-high -Wl,--no-relax -MMD -MP -MF"src/main_dino.d" -MT"src/main_dino.o" -o "src/main_dino.o" "../src/main_dino.c"
In file included from ../src/main_dino.c:1:0:
../src/mb1.h:7:10: note: #pragma message: Running A Dinosaur Game
  #pragma message "Running A Dinosaur Game"
          ^
'Finished building: ../src/main_dino.c'
' '
'Building target: MB1_RTOS.elf'
'Invoking: MicroBlaze gcc linker'
mb-gcc -Wl,-T -Wl,../src/lscript.ld -L../../freertos_mb_1/mb1/lib -mlittle-endian -mxl-barrel-shift -mxl-pattern-compare -mno-xl-soft-div -mcpu=v10.0 -mno-xl-soft-mul -mxl-multiply-high -Wl,--no-relax -o "MB1_RTOS.elf"  ./src/elt3017_draw.o ./src/main_dino.o ./src/main_intr.o   -Wl,--start-group,-lxil,-lfreertos,-lgcc,-lc,--end-group
'Finished building target: MB1_RTOS.elf'
' '
'Invoking: MicroBlaze Print Size'
mb-size MB1_RTOS.elf  |tee "MB1_RTOS.elf.size"
   text	   data	    bss	    dec	    hex	filename
  96560	   1768	  69672	 168000	  29040	MB1_RTOS.elf
'Finished building: MB1_RTOS.elf.size'
' '
08:00:08 **** Auto Build of configuration Debug for project MB1_RTOS ****
make all 
'Building file: ../src/main_dino.c'
'Invoking: MicroBlaze gcc compiler'
mb-gcc -Wall -O0 -g3 -c -fmessage-length=0 -MT"src/main_dino.o" -I../../freertos_mb_1/mb1/include -mlittle-endian -mxl-barrel-shift -mxl-pattern-compare -mno-xl-soft-div -mcpu=v10.0 -mno-xl-soft-mul -mxl-multiply-high -Wl,--no-relax -MMD -MP -MF"src/main_dino.d" -MT"src/main_dino.o" -o "src/main_dino.o" "../src/main_dino.c"
In file included from ../src/main_dino.c:1:0:
../src/mb1.h:7:10: note: #pragma message: Running A Dinosaur Game
  #pragma message "Running A Dinosaur Game"
          ^
'Finished building: ../src/main_dino.c'
' '
'Building target: MB1_RTOS.elf'
'Invoking: MicroBlaze gcc linker'
mb-gcc -Wl,-T -Wl,../src/lscript.ld -L../../freertos_mb_1/mb1/lib -mlittle-endian -mxl-barrel-shift -mxl-pattern-compare -mno-xl-soft-div -mcpu=v10.0 -mno-xl-soft-mul -mxl-multiply-high -Wl,--no-relax -o "MB1_RTOS.elf"  ./src/elt3017_draw.o ./src/main_dino.o ./src/main_intr.o   -Wl,--start-group,-lxil,-lfreertos,-lgcc,-lc,--end-group
'Finished building target: MB1_RTOS.elf'
' '
'Invoking: MicroBlaze Print Size'
mb-size MB1_RTOS.elf  |tee "MB1_RTOS.elf.size"
   text	   data	    bss	    dec	    hex	filename
  96560	   1768	  69672	 168000	  29040	MB1_RTOS.elf
'Finished building: MB1_RTOS.elf.size'
' '
08:02:49 **** Auto Build of configuration Debug for project MB1_RTOS ****
make all 
'Building file: ../src/elt3017_draw.c'
'Invoking: MicroBlaze gcc compiler'
mb-gcc -Wall -O0 -g3 -c -fmessage-length=0 -MT"src/elt3017_draw.o" -I../../freertos_mb_1/mb1/include -mlittle-endian -mxl-barrel-shift -mxl-pattern-compare -mno-xl-soft-div -mcpu=v10.0 -mno-xl-soft-mul -mxl-multiply-high -Wl,--no-relax -MMD -MP -MF"src/elt3017_draw.d" -MT"src/elt3017_draw.o" -o "src/elt3017_draw.o" "../src/elt3017_draw.c"
In file included from ../src/elt3017_draw.h:11:0,
                 from ../src/elt3017_draw.c:10:
../src/mb1.h:7:10: note: #pragma message: Running A Dinosaur Game
  #pragma message "Running A Dinosaur Game"
          ^
'Finished building: ../src/elt3017_draw.c'
' '
'Building target: MB1_RTOS.elf'
'Invoking: MicroBlaze gcc linker'
mb-gcc -Wl,-T -Wl,../src/lscript.ld -L../../freertos_mb_1/mb1/lib -mlittle-endian -mxl-barrel-shift -mxl-pattern-compare -mno-xl-soft-div -mcpu=v10.0 -mno-xl-soft-mul -mxl-multiply-high -Wl,--no-relax -o "MB1_RTOS.elf"  ./src/elt3017_draw.o ./src/main_dino.o ./src/main_intr.o   -Wl,--start-group,-lxil,-lfreertos,-lgcc,-lc,--end-group
'Finished building target: MB1_RTOS.elf'
' '
'Invoking: MicroBlaze Print Size'
mb-size MB1_RTOS.elf  |tee "MB1_RTOS.elf.size"
   text	   data	    bss	    dec	    hex	filename
  96016	   1768	  69672	 167456	  28e20	MB1_RTOS.elf
'Finished building: MB1_RTOS.elf.size'
' '
